// Jest Snapshot v1, https://goo.gl/fbAQLP

exports[`Form component Form should render correctly 1`] = `
<div
  className="form"
>
  <form>
    <select
      name="topic"
    >
      <option
        value="volvo"
      >
        Volvo
      </option>
      <option
        value="saab"
      >
        Saab
      </option>
      <option
        value="fiat"
      >
        Fiat
      </option>
      <option
        value="audi"
      >
        Audi
      </option>
    </select>
    <br />
    <div
      className="levelInputs"
    >
      <input
        name="difficulty"
        type="radio"
        value="easy"
      />
      <input
        name="difficulty"
        type="radio"
        value="medium"
      />
      <input
        name="difficulty"
        type="radio"
        value="hard"
      />
      <br />
    </div>
    <input
      id="textbox"
      placeholder="player1"
      type="text"
    />
  </form>
</div>
`;
